// Jest Snapshot v1, https://goo.gl/fbAQLP

exports[`components/SearchView should match snapshot 1`] = `

<div>
</div>
<div>
  <label for="rating-sorter">
    Sort star rating by
    <select id="rating-sorter">
      <option selected
              value="ascending"
      >
        Low to High (Ascending)
      </option>
      <option value="descending">
        High to Low (Descending)
      </option>
    </select>
  </label>
</div>
<table>
  <tbody>
    <tr>
      <th>
        Name
      </th>
      <th>
        Star rating
      </th>
      <th>
        Facilities
      </th>
    </tr>
    <tr>
      <td>
        bar
      </td>
      <td>
        2
      </td>
      <td>
        <div>
          b
        </div>
        <div>
          c
        </div>
      </td>
    </tr>
    <tr>
      <td>
        foo
      </td>
      <td>
        5
      </td>
      <td>
        <div>
          a
        </div>
      </td>
    </tr>
  </tbody>
</table>

`;
