// Jest Snapshot v1, https://goo.gl/fbAQLP

exports[`components/SearchView should match snapshot 1`] = `

<div class="FacilitiesFilter">
  <div>
    Show me hotels that include
  </div>
  <div class="actions">
    <button>
      Clear all
    </button>
  </div>
</div>
<div class="RatingSorter">
  <label for="rating-sorter">
    Show me hotels by star rating
    <select id="rating-sorter">
      <option selected
              value="ascending"
      >
        Low to High (Ascending)
      </option>
      <option value="descending">
        High to Low (Descending)
      </option>
    </select>
  </label>
</div>
<table class="ResultTable">
  <tbody>
    <tr>
      <th colspan="3"
          class="Count"
      >
        Found
        2
        hotels!
      </th>
    </tr>
    <tr>
      <th>
        Name
      </th>
      <th>
        Star rating
      </th>
      <th>
        Facilities
      </th>
    </tr>
    <tr class="ResultItem">
      <td>
        bar
      </td>
      <td>
        &#9733;&#9733;&#9734;&#9734;&#9734;
      </td>
      <td>
        <div class>
          b
        </div>
        <div class>
          c
        </div>
      </td>
    </tr>
    <tr class="ResultItem">
      <td>
        foo
      </td>
      <td>
        &#9733;&#9733;&#9733;&#9733;&#9733;
      </td>
      <td>
        <div class>
          a
        </div>
      </td>
    </tr>
  </tbody>
</table>

`;
